[plethorathemes.com/healthflex/health-coach/index.html]
[backblue.gif]
[fade.gif]
[index.html]
[plethorathemes.com/healthflex/health-coach/wp-content/plugins/contact-form-7/includes/css/styles972f.css]
[plethorathemes.com/healthflex/health-coach/feed/index.html]
[plethorathemes.com/healthflex/health-coach/comments/feed/index.html]
[plethorathemes.com/healthflex/health-coach/wp-content/plugins/jetpack/modules/widgets/social-icons/social-iconsf4df.css]
[plethorathemes.com/healthflex/health-coach/wp-content/themes/healthflex/includes/core/assets/js/libs/owl.carousel.2.0.0-beta.2.4/css/owl.carousel55fe.css]
[plethorathemes.com/healthflex/health-coach/events/indexedf3.html]
[plethorathemes.com/healthflex/health-coach/wp-content/themes/healthflex/includes/core/assets/js/libs/owl.carousel.2.0.0-beta.2.4/css/owl.theme.default55fe.css]
[plethorathemes.com/healthflex/health-coach/wp-content/uploads/sites/3/plethora/plethora_iconsc31e.css]
[plethorathemes.com/healthflex/health-coach/wp-content/themes/healthflex/includes/core/assets/css/libs/animate/animate.min55fe.css]
[plethorathemes.com/healthflex/health-coach/wp-content/plugins/js_composer/assets/css/js_composer.min7752.css]
[plethorathemes.com/healthflex/health-coach/wp-content/themes/healthflex/assets/css/theme_custom_bootstrap55fe.css]
[plethorathemes.com/healthflex/health-coach/wp-content/themes/healthflex-child/style55fe.css]
[plethorathemes.com/healthflex/health-coach/wp-content/plugins/jetpack/css/jetpackf049.css]
[plethorathemes.com/healthflex/health-coach/wp-content/uploads/wp-less/healthflex/assets/less/style-5444320e80.css]
[plethorathemes.com/healthflex/health-coach/wp-includes/js/jquery/jquery-migrate.min330a.js]
[plethorathemes.com/healthflex/health-coach/wp-includes/js/jquery/jqueryb8ff.js]
[plethorathemes.com/healthflex/health-coach/wp-content/themes/healthflex/includes/core/assets/js/libs/modernizr/modernizr.custom.4828755fe.js]
[plethorathemes.com/healthflex/health-coach/xmlrpc0db0.php]
[plethorathemes.com/healthflex/health-coach/wp-includes/wlwmanifest.xml]
[plethorathemes.com/healthflex/health-coach/wp-json/index.html]
[plethorathemes.com/healthflex/health-coach/wp-json/oembed/1.0/embeda8ad.json]
[plethorathemes.com/healthflex/health-coach/wp-json/oembed/1.0/embed3907]
[i1.wp.com/plethorathemes.com/healthflex/health-coach/wp-content/uploads/sites/3/2016/02/healthcoach_logo_color8706.png]
[i2.wp.com/plethorathemes.com/healthflex/health-coach/wp-content/uploads/sites/3/2016/02/health-coach-1594e.jpg]
[plethorathemes.com/healthflex/health-coach/about/index.html]
[plethorathemes.com/healthflex/health-coach/wp-json/tribe/events/v1/index.html]
[plethorathemes.com/healthflex/health-coach/work-with-me/index.html]
[i1.wp.com/plethorathemes.com/healthflex/health-coach/wp-content/uploads/sites/3/2016/02/yoga-beach7710.jpg]
[plethorathemes.com/healthflex/health-coach/success-stories/index.html]
[plethorathemes.com/healthflex/health-coach/blog/index.html]
[plethorathemes.com/healthflex/health-coach/connect/index.html]
[i0.wp.com/plethorathemes.com/healthflex/health-coach/wp-content/uploads/sites/3/2016/02/slider_2.152be3.delayed]
[plethorathemes.com/healthflex/health-coach/individual-session-service/index.html]
[i2.wp.com/plethorathemes.com/healthflex/health-coach/wp-content/uploads/sites/3/2016/02/eating-donutd9a1.jpg]
[plethorathemes.com/healthflex/health-coach/category/recipes/index.html]
[i1.wp.com/plethorathemes.com/healthflex/health-coach/wp-content/uploads/sites/3/2016/02/heart-watcha54c.png]
[plethorathemes.com/healthflex/health-coach/frequently-asked-questions/index.html]
[i0.wp.com/plethorathemes.com/healthflex/health-coach/wp-content/uploads/sites/3/2016/02/yoga-1a54c.png]
[plethorathemes.com/healthflex/health-coach/events/index.html]
[i2.wp.com/plethorathemes.com/healthflex/health-coach/wp-content/uploads/sites/3/2016/02/mountain-topsa54c.png]
[plethorathemes.com/healthflex/health-coach/event/holistic-wellness-expo/index.html]
[i1.wp.com/plethorathemes.com/healthflex/health-coach/wp-content/uploads/sites/3/2016/02/calendara54c.png]
[i2.wp.com/plethorathemes.com/healthflex/health-coach/wp-content/uploads/sites/3/2016/02/success-story-person4b26.jpg]
[i1.wp.com/plethorathemes.com/healthflex/health-coach/wp-content/uploads/sites/3/2016/02/Comp_8245523320ea.jpg]
[i0.wp.com/plethorathemes.com/healthflex/health-coach/wp-content/uploads/sites/3/2016/02/group-sessions022c.jpg]
[i0.wp.com/plethorathemes.com/healthflex/health-coach/wp-content/uploads/sites/3/2016/02/wellness-events4b26.jpg]
[i0.wp.com/plethorathemes.com/healthflex/health-coach/wp-content/uploads/sites/3/2016/02/weight_lossb739.jpg]
[i0.wp.com/plethorathemes.com/healthflex/health-coach/wp-content/uploads/sites/3/2016/02/post_pregnancy3d38.jpg]
[i2.wp.com/plethorathemes.com/healthflex/health-coach/wp-content/uploads/sites/3/2016/02/sports_dietb041.jpg]
[i0.wp.com/plethorathemes.com/healthflex/health-coach/wp-content/uploads/sites/3/2016/02/Working_Hours3de9.jpg]
[plethorathemes.com/healthflex/health-coach/wp-content/uploads/sites/3/2016/02/healthcoach_logo_white_retina_h50.png]
[i2.wp.com/plethorathemes.com/healthflex/health-coach/wp-content/uploads/sites/3/2016/02/eating-donut465b.jpg]
[i2.wp.com/plethorathemes.com/healthflex/health-coach/wp-content/uploads/sites/3/2016/02/success-story-person465b.jpg]
[i1.wp.com/plethorathemes.com/healthflex/health-coach/wp-content/uploads/sites/3/2016/03/Mussels-Marinara-di-Amore465b.jpg]
[www.google-analytics.com/analytics.js]
[plethorathemes.com/healthflex/health-coach/pricing/index.html]
[plethorathemes.com/healthflex/health-coach/2016/03/01/weight-loss-fitness/index.html]
[plethorathemes.com/healthflex/health-coach/2016/03/01/mussels-marinara-di-amore/index.html]
[plethorathemes.com/healthflex/health-coach/wp-content/plugins/jetpack/_inc/build/photon/photon.minb3d9.js]
[plethorathemes.com/healthflex/health-coach/wp-content/plugins/contact-form-7/includes/js/scripts972f.js]
[s0.wp.com/wp-content/js/devicepx-jetpack0d41.js]
[plethorathemes.com/healthflex/health-coach/wp-content/themes/healthflex/includes/core/assets/js/libs/totop/jquery.ui.totop55fe.js]
[plethorathemes.com/healthflex/health-coach/wp-content/themes/healthflex/includes/core/assets/js/libs/owl.carousel.2.0.0-beta.2.4/owl.carousel.min7793.js]
[plethorathemes.com/healthflex/health-coach/wp-content/themes/healthflex/assets/js/libs/bootstrap.min55fe.js]
[plethorathemes.com/healthflex/health-coach/wp-content/themes/healthflex/includes/core/assets/js/libs/easing/easing.min55fe.js]
[plethorathemes.com/healthflex/health-coach/wp-content/themes/healthflex/includes/core/assets/js/libs/wow/wow.min55fe.js]
[plethorathemes.com/healthflex/health-coach/wp-content/themes/healthflex/includes/core/assets/js/libs/conformity/dist/conformity.min55fe.js]
[plethorathemes.com/healthflex/health-coach/wp-content/themes/healthflex/assets/js/libs/particlesjs/particles.min55fe.js]
[plethorathemes.com/healthflex/health-coach/wp-content/themes/healthflex/includes/core/assets/js/libs/parallax/parallax.min55fe.js]
[plethorathemes.com/healthflex/health-coach/wp-content/themes/healthflex/assets/js/theme55fe.js]
[plethorathemes.com/healthflex/health-coach/wp-includes/js/wp-embed.min55fe.js]
[plethorathemes.com/healthflex/health-coach/index.html]
[plethorathemes.com/healthflex/health-coach/wp-content/plugins/js_composer/assets/js/dist/js_composer_front.min7752.js]
[plethorathemes.com/healthflex/health-coach/wp-content/plugins/contact-form-7/images/ajax-loader.gif]
[plethorathemes.com/healthflex/health-coach/wp-content/plugins/contact-form-7/includes/css/styles972f.css]
[plethorathemes.com/healthflex/health-coach/wp-content/plugins/jetpack/modules/widgets/social-icons/social-iconsf4df.css]
[plethorathemes.com/healthflex/health-coach/wp-content/themes/healthflex/includes/core/assets/js/libs/owl.carousel.2.0.0-beta.2.4/css/owl.carousel55fe.css]
[plethorathemes.com/healthflex/health-coach/wp-content/themes/healthflex/includes/core/assets/js/libs/owl.carousel.2.0.0-beta.2.4/css/owl.theme.default55fe.css]
[plethorathemes.com/healthflex/health-coach/wp-content/plugins/js_composer/assets/vc/alert.png]
[plethorathemes.com/healthflex/health-coach/wp-content/plugins/js_composer/assets/vc/info.png]
[plethorathemes.com/healthflex/health-coach/wp-content/plugins/js_composer/assets/vc/tick.png]
[plethorathemes.com/healthflex/health-coach/wp-content/plugins/js_composer/assets/vc/exclamation.png]
[plethorathemes.com/healthflex/health-coach/wp-content/plugins/js_composer/assets/images/icons/address-book.png]
[plethorathemes.com/healthflex/health-coach/wp-content/plugins/js_composer/assets/images/icons/alarm-clock.png]
[plethorathemes.com/healthflex/health-coach/wp-content/plugins/js_composer/assets/images/icons/anchor.png]
[plethorathemes.com/healthflex/health-coach/wp-content/plugins/js_composer/assets/images/icons/application-image.png]
[plethorathemes.com/healthflex/health-coach/wp-content/plugins/js_composer/assets/images/icons/arrow.png]
[plethorathemes.com/healthflex/health-coach/wp-content/plugins/js_composer/assets/images/icons/asterisk.png]
[plethorathemes.com/healthflex/health-coach/wp-content/plugins/js_composer/assets/images/icons/auction-hammer.png]
[plethorathemes.com/healthflex/health-coach/wp-content/plugins/js_composer/assets/images/icons/balloon.png]
[plethorathemes.com/healthflex/health-coach/wp-content/plugins/js_composer/assets/images/icons/balloon-buzz.png]
[plethorathemes.com/healthflex/health-coach/wp-content/plugins/js_composer/assets/images/icons/balloon-facebook.png]
[plethorathemes.com/healthflex/health-coach/wp-content/plugins/js_composer/assets/images/icons/balloon-twitter.png]
[plethorathemes.com/healthflex/health-coach/wp-content/plugins/js_composer/assets/images/icons/battery-full.png]
[plethorathemes.com/healthflex/health-coach/wp-content/plugins/js_composer/assets/images/icons/binocular.png]
[plethorathemes.com/healthflex/health-coach/wp-content/plugins/js_composer/assets/images/icons/blue-document-excel.png]
[plethorathemes.com/healthflex/health-coach/wp-content/plugins/js_composer/assets/images/icons/blue-document-image.png]
[plethorathemes.com/healthflex/health-coach/wp-content/plugins/js_composer/assets/images/icons/blue-document-music.png]
[plethorathemes.com/healthflex/health-coach/wp-content/plugins/js_composer/assets/images/icons/blue-document-office.png]
[plethorathemes.com/healthflex/health-coach/wp-content/plugins/js_composer/assets/images/icons/blue-document-pdf.png]
[plethorathemes.com/healthflex/health-coach/wp-content/plugins/js_composer/assets/images/icons/blue-document-powerpoint.png]
[plethorathemes.com/healthflex/health-coach/wp-content/plugins/js_composer/assets/images/icons/blue-document-word.png]
[plethorathemes.com/healthflex/health-coach/wp-content/plugins/js_composer/assets/images/icons/bookmark.png]
[plethorathemes.com/healthflex/health-coach/wp-content/plugins/js_composer/assets/images/icons/camcorder.png]
[plethorathemes.com/healthflex/health-coach/wp-content/plugins/js_composer/assets/images/icons/camera.png]
[plethorathemes.com/healthflex/health-coach/wp-content/plugins/js_composer/assets/images/icons/chart.png]
[plethorathemes.com/healthflex/health-coach/wp-content/plugins/js_composer/assets/images/icons/chart-pie.png]
[plethorathemes.com/healthflex/health-coach/wp-content/plugins/js_composer/assets/images/icons/clock.png]
[plethorathemes.com/healthflex/health-coach/wp-content/plugins/js_composer/assets/images/icons/control.png]
[plethorathemes.com/healthflex/health-coach/wp-content/plugins/js_composer/assets/images/icons/fire.png]
[plethorathemes.com/healthflex/health-coach/wp-content/plugins/js_composer/assets/images/icons/heart.png]
[plethorathemes.com/healthflex/health-coach/wp-content/plugins/js_composer/assets/images/icons/mail.png]
[plethorathemes.com/healthflex/health-coach/wp-content/plugins/js_composer/assets/images/icons/plus-shield.png]
[plethorathemes.com/healthflex/health-coach/wp-content/plugins/js_composer/assets/images/icons/video.png]
[plethorathemes.com/healthflex/health-coach/wp-content/plugins/js_composer/assets/fonts/vc_icons/fonts/VC-Icons8309.woff]
[plethorathemes.com/healthflex/health-coach/wp-content/plugins/js_composer/assets/images/toggle_open.png]
[plethorathemes.com/healthflex/health-coach/wp-content/plugins/js_composer/assets/images/toggle_close.png]
[plethorathemes.com/healthflex/health-coach/wp-content/plugins/js_composer/assets/images/flickr.png]
[plethorathemes.com/healthflex/health-coach/wp-content/plugins/js_composer/assets/fonts/vc_grid/vc_grid_v157a1.eot]
[plethorathemes.com/healthflex/health-coach/wp-content/plugins/js_composer/assets/fonts/vc_grid/vc_grid_v1d41d.eot]
[plethorathemes.com/healthflex/health-coach/wp-content/plugins/js_composer/assets/fonts/vc_grid/vc_grid_v157a1.woff]
[plethorathemes.com/healthflex/health-coach/wp-content/plugins/js_composer/assets/images/spinner.gif]
[plethorathemes.com/healthflex/health-coach/wp-content/plugins/js_composer/assets/vc/remove.png]
[plethorathemes.com/healthflex/health-coach/wp-content/plugins/js_composer/assets/css/js_composer.min7752.css]
[plethorathemes.com/healthflex/health-coach/wp-content/uploads/sites/3/plethora/webfonts/fontawesome-webfont.eot]
[plethorathemes.com/healthflex/health-coach/wp-content/uploads/sites/3/plethora/webfonts/fontawesome-webfontd41d.eot]
[plethorathemes.com/healthflex/health-coach/wp-content/uploads/sites/3/plethora/webfonts/fontawesome-webfont.woff]
[plethorathemes.com/healthflex/health-coach/wp-content/uploads/sites/3/plethora/webfonts/webfont-medical-icons.eot]
[plethorathemes.com/healthflex/health-coach/wp-content/uploads/sites/3/plethora/webfonts/webfont-medical-iconsd41d.eot]
[plethorathemes.com/healthflex/health-coach/wp-content/uploads/sites/3/plethora/webfonts/webfont-medical-icons.woff]
[plethorathemes.com/healthflex/health-coach/wp-content/uploads/sites/3/plethora/plethora_iconsc31e.css]
[plethorathemes.com/healthflex/health-coach/wp-content/themes/healthflex/includes/core/assets/css/libs/animate/animate.min55fe.css]
[plethorathemes.com/healthflex/health-coach/wp-content/themes/healthflex/assets/css/theme_custom_bootstrap55fe.css]
[plethorathemes.com/healthflex/health-coach/wp-content/themes/healthflex/assets/images/slider-arrows.png]
[plethorathemes.com/healthflex/health-coach/wp-content/themes/healthflex/assets/images/form-selector-grey.png]
[plethorathemes.com/healthflex/health-coach/wp-content/uploads/wp-less/healthflex/assets/less/style-5444320e80.css]
[plethorathemes.com/healthflex/health-coach/wp-content/themes/healthflex-child/style55fe.css]
[plethorathemes.com/healthflex/health-coach/wp-content/plugins/jetpack/modules/carousel/images/arrows.png]
[plethorathemes.com/healthflex/health-coach/wp-content/plugins/jetpack/modules/carousel/images/arrows-2x.png]
[plethorathemes.com/healthflex/health-coach/wp-content/plugins/jetpack/modules/carousel/images/carousel-spritee4da.png]
[plethorathemes.com/healthflex/health-coach/wp-content/plugins/jetpack/modules/carousel/images/carousel-sprite-2xe4da.png]
[plethorathemes.com/healthflex/health-coach/wp-content/plugins/jetpack/modules/shortcodes/img/slideshow-controls.png]
[plethorathemes.com/healthflex/health-coach/wp-content/plugins/jetpack/modules/shortcodes/img/slideshow-controls-2x.png]
[plethorathemes.com/healthflex/health-coach/wp-content/plugins/jetpack/modules/shortcodes/images/slide-nav.png]
[plethorathemes.com/healthflex/health-coach/wp-content/plugins/jetpack/modules/shortcodes/images/expand.png]
[plethorathemes.com/healthflex/health-coach/wp-content/plugins/jetpack/modules/shortcodes/images/collapse.png]
[secure.gravatar.com/images/grav-share-sprite.png]
[plethorathemes.com/healthflex/health-coach/wp-content/plugins/jetpack/css/jetpackf049.css]
[plethorathemes.com/healthflex/health-coach/wp-json/oembed/1.0/embedb4cb.json]
[plethorathemes.com/healthflex/health-coach/wp-json/oembed/1.0/embed341a]
[i0.wp.com/plethorathemes.com/healthflex/health-coach/wp-content/uploads/sites/3/2016/02/weight_loss0414.jpg]
[i2.wp.com/plethorathemes.com/healthflex/health-coach/wp-content/uploads/sites/3/2016/02/health-coach-profile0f1c.jpg]
[i0.wp.com/plethorathemes.com/healthflex/health-coach/wp-content/uploads/sites/3/2016/02/yoga-instructor0f1c.jpg]
[i1.wp.com/plethorathemes.com/healthflex/health-coach/wp-content/uploads/sites/3/2016/02/fitness_trainer_1-1aa3f.jpg]
[i2.wp.com/plethorathemes.com/healthflex/health-coach/wp-content/uploads/sites/3/2016/02/nutritionist0f1c.jpg]
[plethorathemes.com/healthflex/health-coach/profile/elizabeth-lemon/index.html]
[plethorathemes.com/healthflex/health-coach/profile/lisa-starborn/index.html]
[plethorathemes.com/healthflex/health-coach/profile/john-boycot/index.html]
[plethorathemes.com/healthflex/health-coach/wp-content/themes/healthflex/includes/core/assets/js/libs/svgloader/snap.svg-min55fe.js]
[plethorathemes.com/healthflex/health-coach/wp-content/themes/healthflex/includes/core/assets/js/libs/svgloader/svgLoader.min55fe.js]
[plethorathemes.com/healthflex/health-coach/about/index.html]
[plethorathemes.com/healthflex/health-coach/wp-content/themes/healthflex/includes/core/assets/js/libs/svgloader/loader.min55fe.js]
[plethorathemes.com/healthflex/health-coach/wp-json/oembed/1.0/embed750b.json]
[plethorathemes.com/healthflex/health-coach/wp-json/oembed/1.0/embed94f1]
[i1.wp.com/plethorathemes.com/healthflex/health-coach/wp-content/uploads/sites/3/2016/02/Sports_Nutrition722a.jpg]
[i2.wp.com/plethorathemes.com/healthflex/health-coach/wp-content/uploads/sites/3/2016/02/success-story-person8fcf.jpg]
[i0.wp.com/plethorathemes.com/healthflex/health-coach/wp-content/uploads/sites/3/2016/02/group-sessions3de9.jpg]
[i2.wp.com/plethorathemes.com/healthflex/health-coach/wp-content/uploads/sites/3/2016/02/shoppinga3d4.jpg]
[i0.wp.com/plethorathemes.com/healthflex/health-coach/wp-content/uploads/sites/3/2016/02/cooking9a2d.jpg]
[i2.wp.com/plethorathemes.com/healthflex/health-coach/wp-content/uploads/sites/3/2016/02/excursions9a2d.jpg]
[i0.wp.com/plethorathemes.com/healthflex/health-coach/wp-content/uploads/sites/3/2016/02/wellness-events8fcf.jpg]
[plethorathemes.com/healthflex/health-coach/work-with-me/index.html]
[plethorathemes.com/healthflex/health-coach/wp-json/oembed/1.0/embed0977.json]
[plethorathemes.com/healthflex/health-coach/wp-json/oembed/1.0/embedb3e7]
[i0.wp.com/plethorathemes.com/healthflex/health-coach/wp-content/uploads/sites/3/2016/02/slider_31c02.jpg]
[i2.wp.com/plethorathemes.com/healthflex/health-coach/wp-content/uploads/sites/3/2016/03/may-chang0f1c.jpg]
[i1.wp.com/plethorathemes.com/healthflex/health-coach/wp-content/uploads/sites/3/2016/03/mother-son-cookingbdca.jpg]
[i2.wp.com/plethorathemes.com/healthflex/health-coach/wp-content/uploads/sites/3/2016/03/couple230b.jpg]
[plethorathemes.com/healthflex/health-coach/profile/mey-chang/index.html]
[plethorathemes.com/healthflex/health-coach/profile/myself/index.html]
[plethorathemes.com/healthflex/health-coach/profile/edward/index.html]
[plethorathemes.com/healthflex/health-coach/profile/vera/index.html]
[plethorathemes.com/healthflex/health-coach/success-stories/index.html]
[i1.wp.com/plethorathemes.com/healthflex/health-coach/wp-content/uploads/sites/3/2016/02/slider_1538e.jpg]
[plethorathemes.com/healthflex/health-coach/category/motivation/index.html]
[i2.wp.com/plethorathemes.com/healthflex/health-coach/wp-content/uploads/sites/3/2016/02/eating-donutbefc.jpg]
[plethorathemes.com/healthflex/health-coach/category/diet/index.html]
[plethorathemes.com/healthflex/health-coach/category/weight-loss/index.html]
[i1.wp.com/plethorathemes.com/healthflex/health-coach/wp-content/uploads/sites/3/2016/03/Mussels-Marinara-di-Amore2e39.jpg]
[plethorathemes.com/healthflex/health-coach/2016/03/01/how-to-prepare-for-a-marathon/index.html]
[i1.wp.com/plethorathemes.com/healthflex/health-coach/wp-content/uploads/sites/3/2016/02/blog_article_1c44b.jpg]
[plethorathemes.com/healthflex/health-coach/2016/03/01/avocado-and-tuna-tapas/index.html]
[i1.wp.com/plethorathemes.com/healthflex/health-coach/wp-content/uploads/sites/3/2016/03/avogado-tapasa9a3.jpg]
[plethorathemes.com/healthflex/health-coach/2016/03/01/dietary-tips/index.html]
[i2.wp.com/plethorathemes.com/healthflex/health-coach/wp-content/uploads/sites/3/2016/02/salad_1905f.jpg]
[plethorathemes.com/healthflex/health-coach/category/news/index.html]
[plethorathemes.com/healthflex/health-coach/2016/02/29/greek-villagers-salad/index.html]
[i1.wp.com/plethorathemes.com/healthflex/health-coach/wp-content/uploads/sites/3/2016/02/greek-salada9a3.jpg]
[plethorathemes.com/healthflex/health-coach/wp-content/uploads/sites/3/2016/02/slider_2.jpg]
[plethorathemes.com/healthflex/health-coach/2016/02/12/yoga-in-the-morning/index.html]
[plethorathemes.com/healthflex/health-coach/wp-content/uploads/sites/3/2016/02/salad_1.jpg]
[plethorathemes.com/healthflex/health-coach/category/ftnessconsultant/index.html]
[plethorathemes.com/healthflex/health-coach/category/videos/index.html]
[plethorathemes.com/healthflex/health-coach/blog/index.html]
[plethorathemes.com/healthflex/health-coach/wp-json/oembed/1.0/embedaebf.json]
[plethorathemes.com/healthflex/health-coach/wp-json/oembed/1.0/embed1967]
[i1.wp.com/plethorathemes.com/healthflex/health-coach/wp-content/uploads/sites/3/2016/02/calendar058c.png]
[plethorathemes.com/healthflex/health-coach/wp-content/themes/healthflex/includes/core/assets/js/libs/googlemaps/googlemaps.min.js]
[plethorathemes.com/healthflex/health-coach/wp-content/themes/healthflex/includes/core/assets/js/libs/newsletter/newsletter.min5152.js]
[plethorathemes.com/healthflex/health-coach/wp-content/themes/healthflex/includes/core/assets/js/libs/newsletter/newsletter-svg5152.js]
[plethorathemes.com/healthflex/health-coach/connect/index.html]
[plethorathemes.com/healthflex/health-coach/wp-json/oembed/1.0/embede1ca.json]
[plethorathemes.com/healthflex/health-coach/wp-json/oembed/1.0/embed9fc4]
[i1.wp.com/plethorathemes.com/healthflex/health-coach/wp-content/uploads/sites/3/2016/02/session-big0f45.jpg]
[plethorathemes.com/healthflex/health-coach/individual-session-service/index.html]
[plethorathemes.com/healthflex/health-coach/wp-json/oembed/1.0/embed18ad.json]
[plethorathemes.com/healthflex/health-coach/wp-json/oembed/1.0/embedce65]
[i1.wp.com/plethorathemes.com/healthflex/health-coach/wp-content/uploads/sites/3/2016/02/slider_16c75.jpg]
[i1.wp.com/plethorathemes.com/healthflex/health-coach/wp-content/uploads/sites/3/2016/03/Mussels-Marinara-di-Amore8a1b.jpg]
[plethorathemes.com/healthflex/health-coach/frequently-asked-questions/index.html]
[plethorathemes.com/healthflex/health-coach/category/recipes/feed/index.html]
[plethorathemes.com/healthflex/health-coach/category/recipes/index.html]
[plethorathemes.com/healthflex/health-coach/wp-content/plugins/the-events-calendar/vendor/bootstrap-datepicker/css/bootstrap-datepicker.standalone.min55fe.css]
[plethorathemes.com/healthflex/health-coach/wp-content/plugins/the-events-calendar/vendor/jquery/smoothness/jquery-ui-1.8.23.custom55fe.css]
[plethorathemes.com/healthflex/health-coach/events/feed/index.html]
[plethorathemes.com/healthflex/health-coach/wp-content/plugins/the-events-calendar/common/src/resources/css/accessibility.mind714.css]
[plethorathemes.com/healthflex/health-coach/wp-content/plugins/the-events-calendar/src/resources/css/tribe-events-full.min4e7f.css]
[plethorathemes.com/healthflex/health-coach/wp-content/plugins/the-events-calendar/src/resources/css/tribe-events-theme.min4e7f.css]
[plethorathemes.com/healthflex/health-coach/wp-content/plugins/the-events-calendar/src/resources/css/tribe-events-full-mobile.min4e7f.css]
[plethorathemes.com/healthflex/health-coach/wp-content/plugins/the-events-calendar/src/resources/css/tribe-events-theme-mobile.min4e7f.css]
[plethorathemes.com/healthflex/health-coach/wp-content/plugins/the-events-calendar/vendor/jquery-placeholder/jquery.placeholder.min5d0a.js]
[plethorathemes.com/healthflex/health-coach/wp-content/plugins/the-events-calendar/vendor/bootstrap-datepicker/js/bootstrap-datepicker.mincf1b.js]
[plethorathemes.com/healthflex/health-coach/wp-content/plugins/the-events-calendar/vendor/jquery-resize/jquery.ba-resize.min4963.js]
[plethorathemes.com/healthflex/health-coach/wp-content/plugins/the-events-calendar/src/resources/js/tribe-events.min4e7f.js]
[plethorathemes.com/healthflex/health-coach/wp-content/plugins/the-events-calendar/src/resources/js/tribe-events-bar.min4e7f.js]
[plethorathemes.com/healthflex/health-coach/wp-content/plugins/the-events-calendar/src/resources/images/tribe-loading.gif]
[plethorathemes.com/healthflex/health-coach/events/list/index.html]
[plethorathemes.com/healthflex/health-coach/events/list/index9c29.html]
[plethorathemes.com/healthflex/health-coach/events/index.html]
[plethorathemes.com/healthflex/health-coach/wp-content/plugins/the-events-calendar/src/resources/js/tribe-events-ajax-list.min4e7f.js]
[plethorathemes.com/healthflex/health-coach/2016/03/01/how-to-deal-with-emotional-eating/index.html]
[plethorathemes.com/healthflex/health-coach/wp-content/plugins/jetpack/_inc/social-logos/social-logos.min68b3.css]
[plethorathemes.com/healthflex/health-coach/event/holistic-wellness-expo/feed/index.html]
[plethorathemes.com/healthflex/health-coach/wp-json/oembed/1.0/embeddece.json]
[plethorathemes.com/healthflex/health-coach/event/astanga-yoga-seminar/index.html]
[plethorathemes.com/healthflex/health-coach/wp-json/oembed/1.0/embed0262]
[plethorathemes.com/healthflex/health-coach/wp-json/tribe/events/v1/events/413.json]
[i2.wp.com/plethorathemes.com/healthflex/health-coach/wp-content/uploads/sites/3/2016/03/expoafcb.jpg]
[plethorathemes.com/healthflex/health-coach/event/holistic-wellness-expo/indexedf3.html]
[plethorathemes.com/healthflex/health-coach/wp-includes/js/comment-reply.min55fe.js]
[plethorathemes.com/healthflex/health-coach/wp-content/plugins/the-events-calendar/src/resources/js/embedded-map.min55fe.js]
[plethorathemes.com/healthflex/health-coach/event/holistic-wellness-expo/index.html]
[plethorathemes.com/healthflex/health-coach/wp-content/plugins/jetpack/_inc/build/sharedaddy/sharing.minf049.js]
[plethorathemes.com/healthflex/health-coach/events/category/expos/index.html]
[plethorathemes.com/healthflex/health-coach/wp-json/oembed/1.0/embed2caf.json]
[plethorathemes.com/healthflex/health-coach/wp-json/oembed/1.0/embed5ec2]
[i0.wp.com/plethorathemes.com/healthflex/health-coach/wp-content/uploads/sites/3/2016/02/Working_Hours722a.jpg]
[plethorathemes.com/healthflex/health-coach/pricing/index.html]
[plethorathemes.com/healthflex/health-coach/wp-json/oembed/1.0/embed58a2.json]
[plethorathemes.com/healthflex/health-coach/2016/03/01/weight-loss-fitness/feed/index.html]
[plethorathemes.com/healthflex/health-coach/wp-json/oembed/1.0/embedca19]
[i2.wp.com/plethorathemes.com/healthflex/health-coach/wp-content/uploads/sites/3/2016/02/success-story-persond28a.jpg]
[plethorathemes.com/healthflex/health-coach/author/plethorathemes/index.html]
[plethorathemes.com/healthflex/health-coach/2016/03/01/weight-loss-fitness/index.html]
[plethorathemes.com/healthflex/health-coach/wp-json/oembed/1.0/embed6d90.json]
[plethorathemes.com/healthflex/health-coach/2016/03/01/mussels-marinara-di-amore/feed/index.html]
[plethorathemes.com/healthflex/health-coach/wp-json/oembed/1.0/embed013b]
[i1.wp.com/plethorathemes.com/healthflex/health-coach/wp-content/uploads/sites/3/2016/03/Mussels-Marinara-di-Amoreb4bf.jpg]
[plethorathemes.com/healthflex/health-coach/2016/03/01/mussels-marinara-di-amore/index.html]
[plethorathemes.com/healthflex/health-coach/static.olark.com/jsclient/loader.html]
[s0.wp.com/wp-content/js/devicepx-jetpack0d41.js]
[plethorathemes.com/healthflex/health-coach/wp-content/plugins/js_composer/assets/fonts/vc_icons/fonts/VC-Icons8309.html]
[plethorathemes.com/healthflex/health-coach/wp-content/plugins/js_composer/assets/fonts/vc_icons/fonts/VC-Icons8309.svg]
[plethorathemes.com/healthflex/health-coach/wp-content/plugins/js_composer/assets/fonts/vc_grid/vc_grid_v157a1.html]
[plethorathemes.com/healthflex/health-coach/wp-content/plugins/js_composer/assets/fonts/vc_grid/vc_grid_v157a1.svg]
[plethorathemes.com/healthflex/health-coach/wp-content/uploads/sites/3/plethora/webfonts/FontAwesome.html]
[plethorathemes.com/healthflex/health-coach/wp-content/uploads/sites/3/plethora/webfonts/fontawesome-webfont.svg]
[plethorathemes.com/healthflex/health-coach/wp-content/uploads/sites/3/plethora/webfonts/fontawesome-webfont.html]
[plethorathemes.com/healthflex/health-coach/wp-content/uploads/sites/3/plethora/webfonts/fontawesome-webfont-2.html]
[plethorathemes.com/healthflex/health-coach/wp-content/uploads/sites/3/plethora/webfonts/webfont-medical-icons.svg]
[plethorathemes.com/healthflex/health-coach/wp-content/uploads/sites/3/plethora/webfonts/webfont-medical-icons.html]
[plethorathemes.com/healthflex/health-coach/profile/mary-menunos/index.html]
[plethorathemes.com/healthflex/health-coach/wp-json/oembed/1.0/embedb7ea.json]
[plethorathemes.com/healthflex/health-coach/wp-json/oembed/1.0/embed5ef2]
[plethorathemes.com/healthflex/health-coach/profile/elizabeth-lemon/index.html]
[plethorathemes.com/healthflex/health-coach/wp-json/oembed/1.0/embed76a0.json]
[plethorathemes.com/healthflex/health-coach/wp-json/oembed/1.0/embed8900]
[plethorathemes.com/healthflex/health-coach/profile/lisa-starborn/index.html]
[plethorathemes.com/healthflex/health-coach/wp-json/oembed/1.0/embedb02f.json]
[plethorathemes.com/healthflex/health-coach/wp-json/oembed/1.0/embed8e0c]
[plethorathemes.com/healthflex/health-coach/profile/john-boycot/index.html]
[plethorathemes.com/healthflex/health-coach/about/static.olark.com/jsclient/loader.html]
[plethorathemes.com/healthflex/health-coach/work-with-me/static.olark.com/jsclient/loader.html]
[plethorathemes.com/healthflex/health-coach/wp-json/oembed/1.0/embed5903.json]
[plethorathemes.com/healthflex/health-coach/wp-json/oembed/1.0/embed6038]
[plethorathemes.com/healthflex/health-coach/profile/mey-chang/index.html]
[plethorathemes.com/healthflex/health-coach/wp-json/oembed/1.0/embedc42a.json]
[plethorathemes.com/healthflex/health-coach/wp-json/oembed/1.0/embed5e4e]
[plethorathemes.com/healthflex/health-coach/profile/myself/index.html]
[plethorathemes.com/healthflex/health-coach/wp-json/oembed/1.0/embed122b.json]
[plethorathemes.com/healthflex/health-coach/wp-json/oembed/1.0/embed0ad7]
[plethorathemes.com/healthflex/health-coach/profile/vera/index.html]
[plethorathemes.com/healthflex/health-coach/wp-json/oembed/1.0/embed0d74.json]
[plethorathemes.com/healthflex/health-coach/wp-json/oembed/1.0/embed657d]
[plethorathemes.com/healthflex/health-coach/profile/edward/index.html]
[plethorathemes.com/healthflex/health-coach/success-stories/static.olark.com/jsclient/loader.html]
[plethorathemes.com/healthflex/health-coach/category/motivation/feed/index.html]
[plethorathemes.com/healthflex/health-coach/category/motivation/index.html]
[plethorathemes.com/healthflex/health-coach/blog/https_/i2.wp.com/plethorathemes.com/healthflex/health-coach/wp-content/uploads/sites/3/2016/02/eating-donutbefc.html]
[plethorathemes.com/healthflex/health-coach/category/diet/feed/index.html]
[plethorathemes.com/healthflex/health-coach/category/diet/index.html]
[plethorathemes.com/healthflex/health-coach/category/weight-loss/feed/index.html]
[plethorathemes.com/healthflex/health-coach/category/weight-loss/index.html]
[plethorathemes.com/healthflex/health-coach/blog/https_/i2.wp.com/plethorathemes.com/healthflex/health-coach/wp-content/uploads/sites/3/2016/02/success-story-person8fcf.html]
[plethorathemes.com/healthflex/health-coach/blog/https_/i1.wp.com/plethorathemes.com/healthflex/health-coach/wp-content/uploads/sites/3/2016/03/Mussels-Marinara-di-Amore2e39.html]
[plethorathemes.com/healthflex/health-coach/wp-json/oembed/1.0/embed42d4.json]
[plethorathemes.com/healthflex/health-coach/2016/03/01/how-to-prepare-for-a-marathon/feed/index.html]
[plethorathemes.com/healthflex/health-coach/wp-json/oembed/1.0/embed2cf6]
[plethorathemes.com/healthflex/health-coach/2016/03/01/how-to-prepare-for-a-marathon/index.html]
[plethorathemes.com/healthflex/health-coach/blog/https_/i1.wp.com/plethorathemes.com/healthflex/health-coach/wp-content/uploads/sites/3/2016/02/blog_article_1c44b.html]
[plethorathemes.com/healthflex/health-coach/wp-json/oembed/1.0/embed1a10.json]
[plethorathemes.com/healthflex/health-coach/2016/03/01/avocado-and-tuna-tapas/feed/index.html]
[plethorathemes.com/healthflex/health-coach/wp-json/oembed/1.0/embede75d]
[i1.wp.com/plethorathemes.com/healthflex/health-coach/wp-content/uploads/sites/3/2016/03/avogado-tapas2632.jpg]
[plethorathemes.com/healthflex/health-coach/2016/03/01/avocado-and-tuna-tapas/index.html]
[plethorathemes.com/healthflex/health-coach/blog/https_/i1.wp.com/plethorathemes.com/healthflex/health-coach/wp-content/uploads/sites/3/2016/03/avogado-tapasa9a3.html]
[plethorathemes.com/healthflex/health-coach/wp-json/oembed/1.0/embed06f6.json]
[plethorathemes.com/healthflex/health-coach/2016/03/01/dietary-tips/feed/index.html]
[plethorathemes.com/healthflex/health-coach/wp-json/oembed/1.0/embed3f53]
[plethorathemes.com/healthflex/health-coach/2016/03/01/dietary-tips/index.html]
[plethorathemes.com/healthflex/health-coach/category/news/feed/index.html]
[plethorathemes.com/healthflex/health-coach/category/news/index.html]
[plethorathemes.com/healthflex/health-coach/blog/https_/i2.wp.com/plethorathemes.com/healthflex/health-coach/wp-content/uploads/sites/3/2016/02/salad_1905f.html]
[plethorathemes.com/healthflex/health-coach/2016/02/29/greek-villagers-salad/feed/index.html]
[plethorathemes.com/healthflex/health-coach/wp-json/oembed/1.0/embed3a0f.json]
[plethorathemes.com/healthflex/health-coach/wp-json/oembed/1.0/embede2fa]
[i1.wp.com/plethorathemes.com/healthflex/health-coach/wp-content/uploads/sites/3/2016/02/greek-salad2632.jpg]
[plethorathemes.com/healthflex/health-coach/2016/02/29/greek-villagers-salad/index.html]
[plethorathemes.com/healthflex/health-coach/blog/https_/i1.wp.com/plethorathemes.com/healthflex/health-coach/wp-content/uploads/sites/3/2016/02/greek-salada9a3.html]
[plethorathemes.com/healthflex/health-coach/wp-json/oembed/1.0/embed6bd5.json]
[plethorathemes.com/healthflex/health-coach/2016/02/12/yoga-in-the-morning/feed/index.html]
[plethorathemes.com/healthflex/health-coach/wp-json/oembed/1.0/embed684f]
[plethorathemes.com/healthflex/health-coach/2016/02/12/yoga-in-the-morning/index.html]
[plethorathemes.com/healthflex/health-coach/category/ftnessconsultant/index.html]
[plethorathemes.com/healthflex/health-coach/category/ftnessconsultant/feed/index.html]
[plethorathemes.com/healthflex/health-coach/category/videos/feed/index.html]
[plethorathemes.com/healthflex/health-coach/category/videos/index.html]
[plethorathemes.com/healthflex/health-coach/blog/static.olark.com/jsclient/loader.html]
[plethorathemes.com/healthflex/health-coach/connect/static.olark.com/jsclient/loader.html]
[plethorathemes.com/healthflex/health-coach/individual-session-service/static.olark.com/jsclient/loader.html]
[plethorathemes.com/healthflex/health-coach/frequently-asked-questions/static.olark.com/jsclient/loader.html]
[plethorathemes.com/healthflex/health-coach/category/recipes/https_/i1.wp.com/plethorathemes.com/healthflex/health-coach/wp-content/uploads/sites/3/2016/03/avogado-tapasa9a3.html]
[plethorathemes.com/healthflex/health-coach/category/recipes/https_/i1.wp.com/plethorathemes.com/healthflex/health-coach/wp-content/uploads/sites/3/2016/02/greek-salada9a3.html]
[plethorathemes.com/healthflex/health-coach/category/recipes/static.olark.com/jsclient/loader.html]
[plethorathemes.com/healthflex/health-coach/wp-content/plugins/the-events-calendar/vendor/bootstrap-datepicker/css/bootstrap-datepicker.standalone.min55fe.css]
[plethorathemes.com/healthflex/health-coach/wp-content/plugins/the-events-calendar/vendor/jquery/smoothness/images/ui-bg_flat_75_ffffff_40x100.png]
[plethorathemes.com/healthflex/health-coach/wp-content/plugins/the-events-calendar/vendor/jquery/smoothness/images/ui-bg_highlight-soft_75_cccccc_1x100.png]
[plethorathemes.com/healthflex/health-coach/wp-content/plugins/the-events-calendar/vendor/jquery/smoothness/images/ui-bg_glass_75_e6e6e6_1x400.png]
[plethorathemes.com/healthflex/health-coach/wp-content/plugins/the-events-calendar/vendor/jquery/smoothness/images/ui-bg_glass_75_dadada_1x400.png]
[plethorathemes.com/healthflex/health-coach/wp-content/plugins/the-events-calendar/vendor/jquery/smoothness/images/ui-bg_glass_65_ffffff_1x400.png]
[plethorathemes.com/healthflex/health-coach/wp-content/plugins/the-events-calendar/vendor/jquery/smoothness/images/ui-bg_glass_55_fbf9ee_1x400.png]
[plethorathemes.com/healthflex/health-coach/wp-content/plugins/the-events-calendar/vendor/jquery/smoothness/images/ui-bg_glass_95_fef1ec_1x400.png]
[plethorathemes.com/healthflex/health-coach/wp-content/plugins/the-events-calendar/vendor/jquery/smoothness/images/ui-icons_222222_256x240.png]
[plethorathemes.com/healthflex/health-coach/wp-content/plugins/the-events-calendar/vendor/jquery/smoothness/images/ui-icons_888888_256x240.png]
[plethorathemes.com/healthflex/health-coach/wp-content/plugins/the-events-calendar/vendor/jquery/smoothness/images/ui-icons_454545_256x240.png]
[plethorathemes.com/healthflex/health-coach/wp-content/plugins/the-events-calendar/vendor/jquery/smoothness/images/ui-icons_2e83ff_256x240.png]
[plethorathemes.com/healthflex/health-coach/wp-content/plugins/the-events-calendar/vendor/jquery/smoothness/images/ui-icons_cd0a0a_256x240.png]
[plethorathemes.com/healthflex/health-coach/wp-content/plugins/the-events-calendar/vendor/jquery/smoothness/images/ui-bg_flat_0_aaaaaa_40x100.png]
[plethorathemes.com/healthflex/health-coach/wp-content/plugins/the-events-calendar/vendor/jquery/smoothness/jquery-ui-1.8.23.custom55fe.css]
[plethorathemes.com/healthflex/health-coach/wp-content/plugins/the-events-calendar/common/src/resources/css/accessibility.mind714.css]
[plethorathemes.com/healthflex/health-coach/wp-content/plugins/the-events-calendar/src/resources/images/tribe-tooltips.png]
[plethorathemes.com/healthflex/health-coach/wp-content/plugins/the-events-calendar/src/resources/images/events-bar/icon-month.png]
[plethorathemes.com/healthflex/health-coach/wp-content/plugins/the-events-calendar/src/resources/images/events-bar/icon-list.png]
[plethorathemes.com/healthflex/health-coach/wp-content/plugins/the-events-calendar/src/resources/images/events-bar/icon-week.png]
[plethorathemes.com/healthflex/health-coach/wp-content/plugins/the-events-calendar/src/resources/images/events-bar/icon-day.png]
[plethorathemes.com/healthflex/health-coach/wp-content/plugins/the-events-calendar/src/resources/images/events-bar/icon-photo.png]
[plethorathemes.com/healthflex/health-coach/wp-content/plugins/the-events-calendar/src/resources/images/events-bar/icon-map.png]
[plethorathemes.com/healthflex/health-coach/wp-content/plugins/the-events-calendar/src/resources/images/tribe-tooltips@2x.png]
[plethorathemes.com/healthflex/health-coach/wp-content/plugins/the-events-calendar/src/resources/images/events-bar/icon-search@2x.png]
[plethorathemes.com/healthflex/health-coach/wp-content/plugins/the-events-calendar/src/resources/images/events-bar/icon-gear@2x.png]
[plethorathemes.com/healthflex/health-coach/wp-content/plugins/the-events-calendar/common/vendor/tribe-select2/select2x2.png]
[plethorathemes.com/healthflex/health-coach/wp-content/plugins/the-events-calendar/src/resources/images/events-bar/icon-month@2x.png]
[plethorathemes.com/healthflex/health-coach/wp-content/plugins/the-events-calendar/src/resources/images/events-bar/icon-list@2x.png]
[plethorathemes.com/healthflex/health-coach/wp-content/plugins/the-events-calendar/src/resources/images/events-bar/icon-week@2x.png]
[plethorathemes.com/healthflex/health-coach/wp-content/plugins/the-events-calendar/src/resources/images/events-bar/icon-day@2x.png]
[plethorathemes.com/healthflex/health-coach/wp-content/plugins/the-events-calendar/src/resources/images/events-bar/icon-photo@2x.png]
[plethorathemes.com/healthflex/health-coach/wp-content/plugins/the-events-calendar/src/resources/images/events-bar/icon-map@2x.png]
[plethorathemes.com/healthflex/health-coach/wp-content/plugins/the-events-calendar/src/resources/css/tribe-events-full.min4e7f.css]
[plethorathemes.com/healthflex/health-coach/wp-content/plugins/the-events-calendar/src/resources/images/tribe-theme/tribe-theme-tooltips.png]
[plethorathemes.com/healthflex/health-coach/wp-content/plugins/the-events-calendar/src/resources/images/tribe-theme/tribe-theme-tooltips@2x.png]
[plethorathemes.com/healthflex/health-coach/wp-content/plugins/the-events-calendar/src/resources/css/tribe-events-theme.min4e7f.css]
[plethorathemes.com/healthflex/health-coach/wp-content/plugins/the-events-calendar/src/resources/css/tribe-events-full-mobile.min4e7f.css]
[plethorathemes.com/healthflex/health-coach/wp-content/plugins/the-events-calendar/src/resources/css/tribe-events-theme-mobile.min4e7f.css]
[plethorathemes.com/healthflex/health-coach/events/list/index.html]
[plethorathemes.com/healthflex/health-coach/events/list/indexc64d.html]
[i2.wp.com/plethorathemes.com/healthflex/health-coach/wp-content/uploads/sites/3/2016/03/expof23a.jpg]
[i0.wp.com/plethorathemes.com/healthflex/health-coach/wp-content/uploads/sites/3/2016/02/wellness-events10be.jpg]
[plethorathemes.com/healthflex/health-coach/events/list/index9c29.html]
[plethorathemes.com/healthflex/health-coach/events/static.olark.com/jsclient/loader.html]
[plethorathemes.com/healthflex/health-coach/wp-content/plugins/jetpack/_inc/social-logos/social-logos6de4.eot]
[plethorathemes.com/healthflex/health-coach/wp-content/plugins/jetpack/_inc/social-logos/social-logosd41d.eot]
[plethorathemes.com/healthflex/health-coach/wp-content/plugins/jetpack/_inc/social-logos/social-logos.min68b3.css]
[plethorathemes.com/healthflex/health-coach/event/astanga-yoga-seminar/feed/index.html]
[plethorathemes.com/healthflex/health-coach/wp-json/oembed/1.0/embedd2f0.json]
[plethorathemes.com/healthflex/health-coach/wp-json/oembed/1.0/embed73f9]
[plethorathemes.com/healthflex/health-coach/wp-json/tribe/events/v1/events/407.json]
[plethorathemes.com/healthflex/health-coach/event/astanga-yoga-seminar/index.html]
[plethorathemes.com/healthflex/health-coach/event/astanga-yoga-seminar/indexedf3.html]
[plethorathemes.com/healthflex/health-coach/event/holistic-wellness-expo/index5a58.html]
[plethorathemes.com/healthflex/health-coach/event/holistic-wellness-expo/index9a7b.html]
[plethorathemes.com/healthflex/health-coach/event/holistic-wellness-expo/indexcce0.html]
[plethorathemes.com/healthflex/health-coach/events/category/seminars/index.html]
[plethorathemes.com/healthflex/health-coach/events/category/expos/list/index.html]
[plethorathemes.com/healthflex/health-coach/events/category/expos/list/index9c29.html]
[plethorathemes.com/healthflex/health-coach/events/category/expos/index.html]
[plethorathemes.com/healthflex/health-coach/event/holistic-wellness-expo/static.olark.com/jsclient/loader.html]
[plethorathemes.com/healthflex/health-coach/pricing/static.olark.com/jsclient/loader.html]
[plethorathemes.com/healthflex/health-coach/author/plethorathemes/feed/index.html]
[plethorathemes.com/healthflex/health-coach/author/plethorathemes/index.html]
[plethorathemes.com/healthflex/health-coach/2016/03/01/weight-loss-fitness/index5a58.html]
[plethorathemes.com/healthflex/health-coach/2016/03/01/weight-loss-fitness/index9a7b.html]
[plethorathemes.com/healthflex/health-coach/2016/03/01/weight-loss-fitness/indexcce0.html]
[plethorathemes.com/healthflex/health-coach/2016/03/01/weight-loss-fitness/static.olark.com/jsclient/loader.html]
[plethorathemes.com/healthflex/health-coach/2016/03/01/mussels-marinara-di-amore/index5a58.html]
[plethorathemes.com/healthflex/health-coach/2016/03/01/mussels-marinara-di-amore/index9a7b.html]
[plethorathemes.com/healthflex/health-coach/2016/03/01/mussels-marinara-di-amore/indexcce0.html]
[plethorathemes.com/healthflex/health-coach/2016/03/01/mussels-marinara-di-amore/static.olark.com/jsclient/loader.html]
[plethorathemes.com/healthflex/health-coach/profile/elizabeth-lemon/https_/i0.wp.com/plethorathemes.com/healthflex/health-coach/wp-content/uploads/sites/3/2016/02/yoga-instructor0f1c.html]
[plethorathemes.com/healthflex/health-coach/profile/elizabeth-lemon/static.olark.com/jsclient/loader.html]
[plethorathemes.com/healthflex/health-coach/profile/lisa-starborn/static.olark.com/jsclient/loader.html]
[plethorathemes.com/healthflex/health-coach/profile/john-boycot/https_/i2.wp.com/plethorathemes.com/healthflex/health-coach/wp-content/uploads/sites/3/2016/02/nutritionist0f1c.html]
[plethorathemes.com/healthflex/health-coach/profile/john-boycot/static.olark.com/jsclient/loader.html]
[plethorathemes.com/healthflex/health-coach/profile/mey-chang/https_/i2.wp.com/plethorathemes.com/healthflex/health-coach/wp-content/uploads/sites/3/2016/03/may-chang0f1c.html]
[plethorathemes.com/healthflex/health-coach/profile/mey-chang/static.olark.com/jsclient/loader.html]
[plethorathemes.com/healthflex/health-coach/profile/myself/https_/i2.wp.com/plethorathemes.com/healthflex/health-coach/wp-content/uploads/sites/3/2016/02/health-coach-profile0f1c.html]
[plethorathemes.com/healthflex/health-coach/profile/myself/static.olark.com/jsclient/loader.html]
[plethorathemes.com/healthflex/health-coach/profile/vera/https_/i1.wp.com/plethorathemes.com/healthflex/health-coach/wp-content/uploads/sites/3/2016/03/mother-son-cookingbdca.html]
[plethorathemes.com/healthflex/health-coach/profile/vera/static.olark.com/jsclient/loader.html]
[plethorathemes.com/healthflex/health-coach/profile/edward/https_/i2.wp.com/plethorathemes.com/healthflex/health-coach/wp-content/uploads/sites/3/2016/03/couple230b.html]
[plethorathemes.com/healthflex/health-coach/profile/edward/static.olark.com/jsclient/loader.html]
[plethorathemes.com/healthflex/health-coach/category/motivation/https_/i2.wp.com/plethorathemes.com/healthflex/health-coach/wp-content/uploads/sites/3/2016/02/eating-donutbefc.html]
[plethorathemes.com/healthflex/health-coach/category/motivation/https_/i1.wp.com/plethorathemes.com/healthflex/health-coach/wp-content/uploads/sites/3/2016/02/blog_article_1c44b.html]
[plethorathemes.com/healthflex/health-coach/category/motivation/static.olark.com/jsclient/loader.html]
[plethorathemes.com/healthflex/health-coach/category/diet/https_/i2.wp.com/plethorathemes.com/healthflex/health-coach/wp-content/uploads/sites/3/2016/02/success-story-person8fcf.html]
[plethorathemes.com/healthflex/health-coach/category/diet/https_/i2.wp.com/plethorathemes.com/healthflex/health-coach/wp-content/uploads/sites/3/2016/02/salad_1905f.html]
[plethorathemes.com/healthflex/health-coach/category/diet/static.olark.com/jsclient/loader.html]
[plethorathemes.com/healthflex/health-coach/category/weight-loss/static.olark.com/jsclient/loader.html]
[plethorathemes.com/healthflex/health-coach/2016/03/01/how-to-prepare-for-a-marathon/index5a58.html]
[plethorathemes.com/healthflex/health-coach/2016/03/01/how-to-prepare-for-a-marathon/index9a7b.html]
[plethorathemes.com/healthflex/health-coach/2016/03/01/how-to-prepare-for-a-marathon/indexcce0.html]
[plethorathemes.com/healthflex/health-coach/2016/03/01/how-to-prepare-for-a-marathon/static.olark.com/jsclient/loader.html]
[plethorathemes.com/healthflex/health-coach/2016/03/01/avocado-and-tuna-tapas/index5a58.html]
[plethorathemes.com/healthflex/health-coach/2016/03/01/avocado-and-tuna-tapas/index9a7b.html]
[plethorathemes.com/healthflex/health-coach/2016/03/01/avocado-and-tuna-tapas/indexcce0.html]
[plethorathemes.com/healthflex/health-coach/2016/03/01/avocado-and-tuna-tapas/static.olark.com/jsclient/loader.html]
[plethorathemes.com/healthflex/health-coach/2016/03/01/dietary-tips/https_/i2.wp.com/plethorathemes.com/healthflex/health-coach/wp-content/uploads/sites/3/2016/02/salad_1905f.html]
[plethorathemes.com/healthflex/health-coach/2016/03/01/dietary-tips/index5a58.html]
[plethorathemes.com/healthflex/health-coach/2016/03/01/dietary-tips/index9a7b.html]
[plethorathemes.com/healthflex/health-coach/2016/03/01/dietary-tips/indexcce0.html]
[plethorathemes.com/healthflex/health-coach/2016/03/01/dietary-tips/static.olark.com/jsclient/loader.html]
[plethorathemes.com/healthflex/health-coach/category/news/https_/i2.wp.com/plethorathemes.com/healthflex/health-coach/wp-content/uploads/sites/3/2016/02/salad_1905f.html]
[plethorathemes.com/healthflex/health-coach/category/news/static.olark.com/jsclient/loader.html]
[plethorathemes.com/healthflex/health-coach/2016/02/29/greek-villagers-salad/index5a58.html]
[plethorathemes.com/healthflex/health-coach/2016/02/29/greek-villagers-salad/index9a7b.html]
[plethorathemes.com/healthflex/health-coach/2016/02/29/greek-villagers-salad/indexcce0.html]
[plethorathemes.com/healthflex/health-coach/2016/02/29/greek-villagers-salad/static.olark.com/jsclient/loader.html]
[plethorathemes.com/healthflex/health-coach/2016/02/12/yoga-in-the-morning/index5a58.html]
[plethorathemes.com/healthflex/health-coach/2016/02/12/yoga-in-the-morning/index9a7b.html]
[plethorathemes.com/healthflex/health-coach/2016/02/12/yoga-in-the-morning/indexcce0.html]
[plethorathemes.com/healthflex/health-coach/2016/02/12/yoga-in-the-morning/static.olark.com/jsclient/loader.html]
[plethorathemes.com/healthflex/health-coach/category/ftnessconsultant/static.olark.com/jsclient/loader.html]
[plethorathemes.com/healthflex/health-coach/category/videos/static.olark.com/jsclient/loader.html]
[plethorathemes.com/healthflex/health-coach/category/recipes/'https_/i1.wp.com/plethorathemes.com/healthflex/health-coach/wp-content/uploads/sites/3/2016/03/Mussels-Marinara-di-Amore.c64caf.dela]
[plethorathemes.com/healthflex/health-coach/events/list/static.olark.com/jsclient/loader.html]
[plethorathemes.com/healthflex/health-coach/events/list/indexc64d.html]
[plethorathemes.com/healthflex/health-coach/wp-content/plugins/jetpack/_inc/social-logos/social-logos6de4.html]
[plethorathemes.com/healthflex/health-coach/event/astanga-yoga-seminar/index5a58.html]
[plethorathemes.com/healthflex/health-coach/event/astanga-yoga-seminar/index9a7b.html]
[plethorathemes.com/healthflex/health-coach/event/astanga-yoga-seminar/indexcce0.html]
[plethorathemes.com/healthflex/health-coach/events/category/seminars/index.html]
[plethorathemes.com/healthflex/health-coach/event/astanga-yoga-seminar/static.olark.com/jsclient/loader.html]
[plethorathemes.com/healthflex/health-coach/wp-json/tribe/events/v1/events/indexd5ef.html]
[plethorathemes.com/healthflex/health-coach/events/category/seminars/list/index9c29.html]
[plethorathemes.com/healthflex/health-coach/events/category/seminars/list/index.html]
[plethorathemes.com/healthflex/health-coach/events/category/expos/list/index.html]
[plethorathemes.com/healthflex/health-coach/events/category/expos/list/index9c29.html]
[plethorathemes.com/healthflex/health-coach/events/category/expos/static.olark.com/jsclient/loader.html]
[plethorathemes.com/healthflex/health-coach/author/plethorathemes/https_/i2.wp.com/plethorathemes.com/healthflex/health-coach/wp-content/uploads/sites/3/2016/02/eating-donutbefc.html]
[plethorathemes.com/healthflex/health-coach/author/plethorathemes/https_/i1.wp.com/plethorathemes.com/healthflex/health-coach/wp-content/uploads/sites/3/2016/02/blog_article_1c44b.html]
[plethorathemes.com/healthflex/health-coach/author/plethorathemes/https_/i1.wp.com/plethorathemes.com/healthflex/health-coach/wp-content/uploads/sites/3/2016/03/avogado-tapasa9a3.html]
[plethorathemes.com/healthflex/health-coach/author/plethorathemes/https_/i2.wp.com/plethorathemes.com/healthflex/health-coach/wp-content/uploads/sites/3/2016/02/salad_1905f.html]
[plethorathemes.com/healthflex/health-coach/author/plethorathemes/https_/i1.wp.com/plethorathemes.com/healthflex/health-coach/wp-content/uploads/sites/3/2016/02/greek-salada9a3.html]
[plethorathemes.com/healthflex/health-coach/author/plethorathemes/static.olark.com/jsclient/loader.html]
[plethorathemes.com/healthflex/health-coach/wp-content/themes/healthflex/assets/less/images/luna-controls-twitter.html]
[plethorathemes.com/healthflex/health-coach/profile/lisa-starborn/'https_/i1.wp.com/plethorathemes.com/healthflex/health-coach/wp-content/uploads/sites/3/2016/02/fitness_trainer_1-1.f7cc33.delay]
[plethorathemes.com/healthflex/health-coach/category/motivation/'https_/i2.wp.com/plethorathemes.com/healthflex/health-coach/wp-content/uploads/sites/3/2016/02/success-story-person.114a309.delay]
[plethorathemes.com/healthflex/health-coach/category/weight-loss/'https_/i2.wp.com/plethorathemes.com/healthflex/health-coach/wp-content/uploads/sites/3/2016/02/success-story-person.11da309.dela]
[plethorathemes.com/healthflex/health-coach/2016/03/01/how-to-prepare-for-a-marathon/'https_/i1.wp.com/plethorathemes.com/healthflex/health-coach/wp-content/uploads/sites/blog_article_1.121765a]
[plethorathemes.com/healthflex/health-coach/wp-json/tribe/events/v1/events/index7c5d.html]
[plethorathemes.com/healthflex/health-coach/events/category/expos/list/indexc64d.html]
[plethorathemes.com/healthflex/health-coach/events/category/seminars/list/index.html]
[plethorathemes.com/healthflex/health-coach/events/category/seminars/list/index9c29.html]
[plethorathemes.com/healthflex/health-coach/events/category/seminars/static.olark.com/jsclient/loader.html]
[plethorathemes.com/healthflex/health-coach/events/category/expos/list/static.olark.com/jsclient/loader.html]
[plethorathemes.com/healthflex/health-coach/events/category/expos/list/indexc64d.html]
[plethorathemes.com/healthflex/health-coach/author/plethorathemes/'https_/i2.wp.com/plethorathemes.com/healthflex/health-coach/wp-content/uploads/sites/3/2016/02/success-story-person.166a309.del]
[plethorathemes.com/healthflex/health-coach/author/plethorathemes/'https_/i1.wp.com/plethorathemes.com/healthflex/health-coach/wp-content/uploads/sites/3/2016/03/Mussels-Marinara-di-Amore.1674ca]
[plethorathemes.com/healthflex/health-coach/events/category/seminars/list/static.olark.com/jsclient/loader.html]
[plethorathemes.com/healthflex/health-coach/events/category/seminars/list/indexc64d.html]
[plethorathemes.com/healthflex/health-coach/events/category/seminars/list/indexc64d.html]
